Program
└──Class: Foo
   └──Capabilities: 
      └──Capability: Linear Bar
   └──Field Defn: f
      └──Modifier: Var
      └──Type expr: Int
      └──Capabilities: Bar
   └──Field Defn: g
      └──Modifier: Const
      └──Type expr: Int
      └──Capabilities: Bar
   └──Field Defn: h
      └──Modifier: Const
      └──Type expr: Int
      └──Capabilities: Bar
└── Function: f
   └── Return type: Int
   └──Param: x
      └──Type expr: Int
   └──Body block
      └──Expr: Variable: x
└──Main block
   └──Expr: Let var: x
      └──Expr: Constructor for: Foo
         └── Field: f
            └──Expr: Int:5
   └──Expr: Finish async
         └──Async Expr block
            └──Expr: Function App
               └──Function: f
               └──Expr: Int:5
         └──Async Expr block
            └──Expr: Let var: w
               └──Expr: Constructor for: Foo
                  └── Field: g
                     └──Expr: Int:5
            └──Expr: Assign
               └──Expr: Objfield: w.f
               └──Expr: Int:5
      └──Current thread block
         └──Expr: Printf
            └──Value of x.f: %d\n
            └──Expr: Objfield: x.f
