Program
└──Class: Foo
   └──Regions: 
      └──Region: Linear Bar
   └──Field Defn: f
      └──Mode: Var
      └──Type expr: Int
      └──Regions: Bar
   └──Field Defn: g
      └──Mode: Const
      └──Type expr: Int
      └──Regions: Bar
   └──Field Defn: h
      └──Mode: Const
      └──Type expr: Int
      └──Regions: Bar
└── Function: f
   └── Return type: Int
   └──Param: x
      └──Type expr: Int
   └──Expr: Block
      └──Expr: Variable: x
└──Expr: Block
   └──Expr: Let var: x
      └──Expr: Constructor for: Foo
         └── Field: f
            └──Expr: Int:5
   └──Expr: Finish async
      └── Async Expr:
         └──Expr: Block
            └──Expr: Function App
               └──Function: f
               └──Expr: Int:5
      └── Async Expr:
         └──Expr: Block
            └──Expr: Let var: w
               └──Expr: Constructor for: Foo
                  └── Field: g
                     └──Expr: Int:5
            └──Expr: Assign
               └──Expr: Objfield: w.f
               └──Expr: Int:5
      └──Expr: Block
         └──Expr: Printf
            └──Value of x.f: %d\n
            └──Expr: Objfield: x.f
