Program
└──Class: Foo
   └──Field: Int
   └──Field: Int
   └──Field: Int
└── Function: f
   └── Return type: Int
   └──Param: Int x
   └──Body block
      └──Expr: Variable: x
└──Main expr
   └──Expr: Let var: _var_x0
      └──Expr: Constructor for: Foo
         └── Field: 0
            └──Expr: Int:5
   └──Expr: Finish_async
         └──Async Expr block
            └──Expr: Function App
               └──Function: f
               └──Expr: Int:5
         └──Async Expr block
            └──Expr: Let var: _var_w0
               └──Expr: Constructor for: Foo
                  └── Field: 1
                     └──Expr: Int:5
            └──Expr: Assign
               └──Expr: Objfield: _var_w0[0]
               └──Expr: Int:5
      └──Current Thread Expr block
         └──Expr: Printf
            └──Value of x.f: %d\n
            └──Expr: Objfield: _var_x0[0]
