Program
└──Class: Foo
   └──CapTrait: Bar
      └──Cap: Read
   └──Field Defn: f
      └──Mode: Const
      └──TField: Int
└──Trait: Bar
   └──Cap: Read
   └──Require
      └──Field Defn: f
         └──Mode: Const
         └──TField: Int
└──Expr: Let var: x
   └──Expr: Constructor for:Foo
   └──Expr: Assign: x.g
      └──Expr: Int:5
