Program
└──Class: Foo
   └──CapTrait: Bar
      └──Cap: Linear
   └──Field Defn: f
      └──Mode: Var
      └──TField: Int
└──Trait: Bar
   └──Cap: Linear
   └──Require
      └──Field Defn: f
         └──Mode: Var
         └──TField: Int
└──Expr: Let var: y
   └──Expr: Constructor for:Foo
   └──Expr: Let var: x
      └──Expr: Fun arg: z
         └──Type expr: Int
         └──Expr: Variable:z
      └──Expr: App
         └──Expr: Variable:x
         └──Expr: Variable:y
