Program
└──Class: Foo
   └──CapTrait: Bar
      └──Cap: Read
   └──Field Defn: f
      └──Mode: Const
      └──TField: Int
└──Trait: Bar
   └──Cap: Read
   └──Require
      └──Field Defn: f
         └──Mode: Const
         └──TField: Int
└──Expr: Let var: x
   └──Expr: Constructor for:Foo
      └── Field: f
         └──Expr: Int:5
   └──Expr: Let var: y
      └──Expr: Int:5
      └──Expr: Finish_async
         └──Expr: Seq
            └──Expr: Variable:x
            └──Expr: Variable:y
         └──Expr: Seq
            └──Expr: Variable:x
            └──Expr: Variable:y
         └──Expr: Objfield: x.f
