Program
└──Expr: Seq
   └──Expr: App
      └──Expr: Fun arg: x
         └──Type expr: Int
         └──Expr: Variable:x
      └──Expr: Int:4
   └──Expr: App
      └──Expr: Fun arg: x
         └──Type expr: Int
         └──Expr: Variable:x
      └──Expr: Int:5
   └──Expr: App
      └──Expr: Fun arg: x
         └──Type expr: Int
         └──Expr: Variable:x
      └──Expr: Int:6
