; ModuleID = 'Module'
source_filename = "Module"
target triple = "x86_64-apple-darwin18.7.0"

%_VtableFoo = type {}
%function_arg_type = type {}
%Foo = type { %_VtableFoo*, i8*, i32, i32, i32, i32, i32 }
%function_arg_type.0 = type {}

@_VtableFoo = global %_VtableFoo zeroinitializer
@0 = private unnamed_addr constant [18 x i8] c"Value of x.f: %d\0A\00", align 1

declare i32 @printf(i8*, ...)

declare i8* @GC_malloc(i64)

declare i32 @pthread_create(i8**, i8*, i8* (i8*)*, i8*)

declare i32 @pthread_join(i8*, i8**)

declare i32 @pthread_equal(i8*, i8*)

declare i8* @pthread_self()

define i32 @f(i32) {
entry:
  ret i32 %0
}

define i32 @main() {
entry:
  %0 = alloca %function_arg_type, align 8
  %1 = call i8* @GC_malloc(i64 40)
  %2 = bitcast i8* %1 to %_VtableFoo**
  store %_VtableFoo* @_VtableFoo, %_VtableFoo** %2, align 8
  %3 = getelementptr inbounds i8, i8* %1, i64 16
  %4 = bitcast i8* %3 to i32*
  store i32 0, i32* %4, align 4
  %5 = getelementptr inbounds i8, i8* %1, i64 20
  %6 = bitcast i8* %5 to i32*
  store i32 0, i32* %6, align 4
  %7 = getelementptr inbounds i8, i8* %1, i64 24
  %8 = bitcast i8* %7 to i32*
  store i32 5, i32* %8, align 4
  %pthread = alloca i8*, align 8
  %9 = bitcast %function_arg_type* %0 to i8*
  %10 = call i32 @pthread_create(i8** nonnull %pthread, i8* null, i8* (i8*)* nonnull @_async0, i8* nonnull %9)
  %pthread1 = alloca i8*, align 8
  %11 = call i32 @pthread_create(i8** nonnull %pthread1, i8* null, i8* (i8*)* nonnull @_async1, i8* nonnull %9)
  %12 = load i32, i32* %8, align 4
  %13 = call i32 (i8*, ...) @printf(i8* getelementptr inbounds ([18 x i8], [18 x i8]* @0, i64 0, i64 0), i32 %12)
  %14 = load i8*, i8** %pthread, align 8
  %15 = call i32 @pthread_join(i8* %14, i8** null)
  %16 = load i8*, i8** %pthread1, align 8
  %17 = call i32 @pthread_join(i8* %16, i8** null)
  ret i32 0
}

define i8* @_async0(i8*) {
entry:
  %1 = bitcast i8* %0 to %function_arg_type*
  %2 = call i32 @f(i32 5)
  ret i8* null
}

define i8* @_async1(i8*) {
entry:
  %_w0 = alloca %Foo*
  %1 = bitcast i8* %0 to %function_arg_type.0*
  %2 = call i8* @GC_malloc(i64 ptrtoint (%Foo* getelementptr (%Foo, %Foo* null, i64 1) to i64))
  %3 = bitcast i8* %2 to %Foo*
  %4 = getelementptr inbounds %Foo, %Foo* %3, i32 0, i32 0
  store %_VtableFoo* @_VtableFoo, %_VtableFoo** %4
  %5 = getelementptr inbounds %Foo, %Foo* %3, i32 0, i32 2
  store i32 0, i32* %5
  %6 = getelementptr inbounds %Foo, %Foo* %3, i32 0, i32 3
  store i32 0, i32* %6
  %7 = getelementptr inbounds %Foo, %Foo* %3, i32 0, i32 5
  store i32 5, i32* %7
  store %Foo* %3, %Foo** %_w0
  %8 = load %Foo*, %Foo** %_w0
  %9 = getelementptr inbounds %Foo, %Foo* %8, i32 0, i32 4
  store i32 5, i32* %9
  ret i8* null
}
