; ModuleID = 'Module'
source_filename = "Module"
target triple = "x86_64-apple-darwin18.7.0"

%_VtableFoo = type {}
%pthread_t = type opaque
%Foo = type { %_VtableFoo*, %pthread_t*, i32, i32, i32, i32, i32 }
%function_arg_type = type {}
%function_arg_type.0 = type {}

@_VtableFoo = common global %_VtableFoo zeroinitializer
@0 = private unnamed_addr constant [18 x i8] c"Value of x.f: %d\0A\00", align 1

declare i32 @printf(i8*, ...)

declare i8* @malloc(i64)

declare i32 @pthread_create(%pthread_t**, i8*, i8* (i8*)*, i8*)

declare i32 @pthread_join(%pthread_t*, i8**)

declare i32 @pthread_equal(%pthread_t*, %pthread_t*)

declare %pthread_t* @pthread_self()

define i32 @f(i32) {
entry:
  %x = alloca i32
  store i32 %0, i32* %x
  %1 = load i32, i32* %x
  ret i32 %1
}

define i32 @main() {
entry:
  %_var_x0 = alloca %Foo*
  %0 = call i8* @malloc(i64 ptrtoint (%Foo* getelementptr (%Foo, %Foo* null, i64 1) to i64))
  %1 = bitcast i8* %0 to %Foo*
  %2 = getelementptr inbounds %Foo, %Foo* %1, i32 0, i32 0
  store %_VtableFoo* @_VtableFoo, %_VtableFoo** %2
  %3 = getelementptr inbounds %Foo, %Foo* %1, i32 0, i32 2
  store i32 0, i32* %3
  %4 = getelementptr inbounds %Foo, %Foo* %1, i32 0, i32 3
  store i32 0, i32* %4
  %5 = getelementptr inbounds %Foo, %Foo* %1, i32 0, i32 4
  store i32 5, i32* %5
  store %Foo* %1, %Foo** %_var_x0
  %pthreadPtr = alloca %pthread_t*
  %6 = alloca %function_arg_type
  %7 = bitcast %function_arg_type* %6 to i8*
  %8 = call i32 @pthread_create(%pthread_t** %pthreadPtr, i8* null, i8* (i8*)* @_async0, i8* %7)
  %pthreadPtr1 = alloca %pthread_t*
  %9 = alloca %function_arg_type.0
  %10 = bitcast %function_arg_type.0* %9 to i8*
  %11 = call i32 @pthread_create(%pthread_t** %pthreadPtr1, i8* null, i8* (i8*)* @_async1, i8* %10)
  %12 = load %Foo*, %Foo** %_var_x0
  %13 = getelementptr inbounds %Foo, %Foo* %12, i32 0, i32 4
  %14 = load i32, i32* %13
  %15 = call i32 (i8*, ...) @printf(i8* getelementptr inbounds ([18 x i8], [18 x i8]* @0, i32 0, i32 0), i32 %14)
  %16 = load %pthread_t*, %pthread_t** %pthreadPtr
  %17 = call i32 @pthread_join(%pthread_t* %16, i8** null)
  %18 = load %pthread_t*, %pthread_t** %pthreadPtr1
  %19 = call i32 @pthread_join(%pthread_t* %18, i8** null)
  ret i32 0
}

define i8* @_async0(i8*) {
entry:
  %1 = bitcast i8* %0 to %function_arg_type*
  %2 = call i32 @f(i32 5)
  ret i8* null
}

define i8* @_async1(i8*) {
entry:
  %_var_w0 = alloca %Foo*
  %1 = bitcast i8* %0 to %function_arg_type.0*
  %2 = call i8* @malloc(i64 ptrtoint (%Foo* getelementptr (%Foo, %Foo* null, i64 1) to i64))
  %3 = bitcast i8* %2 to %Foo*
  %4 = getelementptr inbounds %Foo, %Foo* %3, i32 0, i32 0
  store %_VtableFoo* @_VtableFoo, %_VtableFoo** %4
  %5 = getelementptr inbounds %Foo, %Foo* %3, i32 0, i32 2
  store i32 0, i32* %5
  %6 = getelementptr inbounds %Foo, %Foo* %3, i32 0, i32 3
  store i32 0, i32* %6
  %7 = getelementptr inbounds %Foo, %Foo* %3, i32 0, i32 5
  store i32 5, i32* %7
  store %Foo* %3, %Foo** %_var_w0
  %8 = load %Foo*, %Foo** %_var_w0
  %9 = getelementptr inbounds %Foo, %Foo* %8, i32 0, i32 4
  store i32 5, i32* %9
  ret i8* null
}
