; ModuleID = 'Module'
source_filename = "Module"
target triple = "x86_64-apple-darwin18.7.0"

%_VtableFoo = type { i32 (%Foo*, i32)* }
%Foo = type { %_VtableFoo*, %pthread_t*, i32, i32, i32, i32 }
%pthread_t = type opaque
%function_arg_type = type { %Foo* }

@_VtableFoo = global %_VtableFoo { i32 (%Foo*, i32)* @_Foo__setgi }
@0 = private unnamed_addr constant [18 x i8] c"Value of x.f: %d\0A\00", align 1
@1 = private unnamed_addr constant [18 x i8] c"Value of y.g: %d\0A\00", align 1

declare i32 @printf(i8*, ...)

declare i8* @GC_malloc(i64)

declare i32 @pthread_create(%pthread_t**, i8*, i8* (i8*)*, i8*)

declare i32 @pthread_join(%pthread_t*, i8**)

declare i32 @pthread_equal(%pthread_t*, %pthread_t*)

declare %pthread_t* @pthread_self()

define i32 @_Foo__setgi(%Foo*, i32) {
entry:
  %retVal = alloca i32
  %this = alloca %Foo*
  store %Foo* %0, %Foo** %this
  %x = alloca i32
  store i32 %1, i32* %x
  %2 = load %Foo*, %Foo** %this
  %3 = getelementptr inbounds %Foo, %Foo* %2, i32 0, i32 1
  %4 = getelementptr inbounds %Foo, %Foo* %2, i32 0, i32 2
  %5 = getelementptr inbounds %Foo, %Foo* %2, i32 0, i32 3
  %6 = call %pthread_t* @pthread_self()
  br label %spinOnLockFree

spinOnLockFree:                                   ; preds = %attemptlockInc, %spinOnLockFree, %entry
  %7 = load i32, i32* %4
  %8 = load i32, i32* %5
  %9 = load %pthread_t*, %pthread_t** %3
  %noWritersPresent = icmp eq i32 %8, 0
  %10 = call i32 @pthread_equal(%pthread_t* %9, %pthread_t* %6)
  %currThreadOwnsWriteLock = icmp ne i32 %10, 0
  %noWritersPresentOnOtherThreads = or i1 %noWritersPresent, %currThreadOwnsWriteLock
  %noReadersPresent = icmp eq i32 %7, 0
  %canAcquireWriteLock = and i1 %noReadersPresent, %noWritersPresentOnOtherThreads
  br i1 %canAcquireWriteLock, label %attemptlockInc, label %spinOnLockFree

attemptlockInc:                                   ; preds = %spinOnLockFree
  %inc = add i32 %8, 1
  %11 = cmpxchg i32* %5, i32 %8, i32 %inc seq_cst monotonic
  %12 = alloca { i32, i1 }
  store { i32, i1 } %11, { i32, i1 }* %12
  %13 = getelementptr inbounds { i32, i1 }, { i32, i1 }* %12, i32 0, i32 1
  %14 = load i1, i1* %13
  br i1 %14, label %enterLock, label %spinOnLockFree

enterLock:                                        ; preds = %attemptlockInc
  store %pthread_t* %6, %pthread_t** %3
  %15 = load i32, i32* %x
  %gt = icmp sgt i32 %15, 0
  br i1 %gt, label %then, label %else

then:                                             ; preds = %enterLock
  %16 = load %Foo*, %Foo** %this
  %17 = getelementptr inbounds %Foo, %Foo* %16, i32 0, i32 0
  %18 = load %_VtableFoo*, %_VtableFoo** %17
  %19 = getelementptr inbounds %_VtableFoo, %_VtableFoo* %18, i32 0, i32 0
  %20 = load i32 (%Foo*, i32)*, i32 (%Foo*, i32)** %19
  %21 = load i32, i32* %x
  %neg = sub i32 0, %21
  %22 = call i32 %20(%Foo* %16, i32 %neg)
  br label %ifcont

else:                                             ; preds = %enterLock
  %23 = load i32, i32* %x
  %24 = load %Foo*, %Foo** %this
  %25 = getelementptr inbounds %Foo, %Foo* %24, i32 0, i32 5
  %26 = load %Foo*, %Foo** %this
  %27 = getelementptr inbounds %Foo, %Foo* %26, i32 0, i32 1
  %28 = getelementptr inbounds %Foo, %Foo* %26, i32 0, i32 2
  %29 = getelementptr inbounds %Foo, %Foo* %26, i32 0, i32 3
  %30 = call %pthread_t* @pthread_self()
  br label %spinOnLockFree1

spinOnLockFree1:                                  ; preds = %attemptlockInc2, %spinOnLockFree1, %else
  %31 = load i32, i32* %28
  %32 = load i32, i32* %29
  %33 = load %pthread_t*, %pthread_t** %27
  %noWritersPresent4 = icmp eq i32 %32, 0
  %34 = call i32 @pthread_equal(%pthread_t* %33, %pthread_t* %30)
  %currThreadOwnsWriteLock5 = icmp ne i32 %34, 0
  %noWritersPresentOnOtherThreads6 = or i1 %noWritersPresent4, %currThreadOwnsWriteLock5
  %noReadersPresent7 = icmp eq i32 %31, 0
  %canAcquireWriteLock8 = and i1 %noReadersPresent7, %noWritersPresentOnOtherThreads6
  br i1 %canAcquireWriteLock8, label %attemptlockInc2, label %spinOnLockFree1

attemptlockInc2:                                  ; preds = %spinOnLockFree1
  %inc9 = add i32 %32, 1
  %35 = cmpxchg i32* %29, i32 %32, i32 %inc9 seq_cst monotonic
  %36 = alloca { i32, i1 }
  store { i32, i1 } %35, { i32, i1 }* %36
  %37 = getelementptr inbounds { i32, i1 }, { i32, i1 }* %36, i32 0, i32 1
  %38 = load i1, i1* %37
  br i1 %38, label %enterLock3, label %spinOnLockFree1

enterLock3:                                       ; preds = %attemptlockInc2
  store %pthread_t* %30, %pthread_t** %27
  store i32 %23, i32* %25
  %39 = load %Foo*, %Foo** %this
  %40 = getelementptr inbounds %Foo, %Foo* %39, i32 0, i32 3
  %41 = load i32, i32* %40
  %gt10 = icmp sgt i32 %41, 1
  br i1 %gt10, label %unlockDec, label %unlockMemFence

unlockMemFence:                                   ; preds = %enterLock3
  fence seq_cst
  br label %unlockDec

unlockDec:                                        ; preds = %unlockMemFence, %enterLock3
  %dec = sub i32 %41, 1
  store i32 %dec, i32* %40
  br label %ifcont

ifcont:                                           ; preds = %unlockDec, %then
  %iftmp = phi i32 [ %22, %then ], [ %23, %unlockDec ]
  store i32 %iftmp, i32* %retVal
  %42 = load %Foo*, %Foo** %this
  %43 = getelementptr inbounds %Foo, %Foo* %42, i32 0, i32 3
  %44 = load i32, i32* %43
  %gt11 = icmp sgt i32 %44, 1
  br i1 %gt11, label %unlockDec13, label %unlockMemFence12

unlockMemFence12:                                 ; preds = %ifcont
  fence seq_cst
  br label %unlockDec13

unlockDec13:                                      ; preds = %unlockMemFence12, %ifcont
  %dec14 = sub i32 %44, 1
  store i32 %dec14, i32* %43
  %45 = load i32, i32* %retVal
  ret i32 %45
}

define i32 @main() {
entry:
  %_y0 = alloca %Foo*
  %_x0 = alloca %Foo*
  %0 = call i8* @GC_malloc(i64 ptrtoint (%Foo* getelementptr (%Foo, %Foo* null, i64 1) to i64))
  %1 = bitcast i8* %0 to %Foo*
  %2 = getelementptr inbounds %Foo, %Foo* %1, i32 0, i32 0
  store %_VtableFoo* @_VtableFoo, %_VtableFoo** %2
  %3 = getelementptr inbounds %Foo, %Foo* %1, i32 0, i32 2
  store i32 0, i32* %3
  %4 = getelementptr inbounds %Foo, %Foo* %1, i32 0, i32 3
  store i32 0, i32* %4
  %5 = getelementptr inbounds %Foo, %Foo* %1, i32 0, i32 4
  store i32 100, i32* %5
  store %Foo* %1, %Foo** %_x0
  %6 = call i8* @GC_malloc(i64 ptrtoint (%Foo* getelementptr (%Foo, %Foo* null, i64 1) to i64))
  %7 = bitcast i8* %6 to %Foo*
  %8 = getelementptr inbounds %Foo, %Foo* %7, i32 0, i32 0
  store %_VtableFoo* @_VtableFoo, %_VtableFoo** %8
  %9 = getelementptr inbounds %Foo, %Foo* %7, i32 0, i32 2
  store i32 0, i32* %9
  %10 = getelementptr inbounds %Foo, %Foo* %7, i32 0, i32 3
  store i32 0, i32* %10
  store %Foo* %7, %Foo** %_y0
  %pthreadPtr = alloca %pthread_t*
  %11 = alloca %function_arg_type
  %12 = load %Foo*, %Foo** %_x0
  %13 = getelementptr inbounds %function_arg_type, %function_arg_type* %11, i32 0, i32 0
  store %Foo* %12, %Foo** %13
  %14 = bitcast %function_arg_type* %11 to i8*
  %15 = call i32 @pthread_create(%pthread_t** %pthreadPtr, i8* null, i8* (i8*)* @_async0, i8* %14)
  %16 = load %Foo*, %Foo** %_y0
  %17 = getelementptr inbounds %Foo, %Foo* %16, i32 0, i32 0
  %18 = load %_VtableFoo*, %_VtableFoo** %17
  %19 = getelementptr inbounds %_VtableFoo, %_VtableFoo* %18, i32 0, i32 0
  %20 = load i32 (%Foo*, i32)*, i32 (%Foo*, i32)** %19
  %21 = call i32 %20(%Foo* %16, i32 10)
  %22 = load %Foo*, %Foo** %_y0
  %23 = getelementptr inbounds %Foo, %Foo* %22, i32 0, i32 5
  %24 = load %Foo*, %Foo** %_y0
  %25 = getelementptr inbounds %Foo, %Foo* %24, i32 0, i32 1
  %26 = getelementptr inbounds %Foo, %Foo* %24, i32 0, i32 2
  %27 = getelementptr inbounds %Foo, %Foo* %24, i32 0, i32 3
  %28 = call %pthread_t* @pthread_self()
  br label %spinOnLockFree

spinOnLockFree:                                   ; preds = %attemptlockInc, %spinOnLockFree, %entry
  %29 = load i32, i32* %26
  %30 = load i32, i32* %27
  %31 = load %pthread_t*, %pthread_t** %25
  %noWritersPresent = icmp eq i32 %30, 0
  %32 = call i32 @pthread_equal(%pthread_t* %31, %pthread_t* %28)
  %currThreadOwnsWriteLock = icmp ne i32 %32, 0
  %noWritersPresentOnOtherThreads = or i1 %noWritersPresent, %currThreadOwnsWriteLock
  br i1 %noWritersPresentOnOtherThreads, label %attemptlockInc, label %spinOnLockFree

attemptlockInc:                                   ; preds = %spinOnLockFree
  %inc = add i32 %29, 1
  %33 = cmpxchg i32* %26, i32 %29, i32 %inc seq_cst monotonic
  %34 = alloca { i32, i1 }
  store { i32, i1 } %33, { i32, i1 }* %34
  %35 = getelementptr inbounds { i32, i1 }, { i32, i1 }* %34, i32 0, i32 1
  %36 = load i1, i1* %35
  br i1 %36, label %enterLock, label %spinOnLockFree

enterLock:                                        ; preds = %attemptlockInc
  store %pthread_t* %28, %pthread_t** %25
  %37 = load i32, i32* %23
  %38 = load %Foo*, %Foo** %_y0
  %39 = getelementptr inbounds %Foo, %Foo* %38, i32 0, i32 2
  %40 = load i32, i32* %39
  %gt = icmp sgt i32 %40, 1
  br i1 %gt, label %unlockDec, label %unlockMemFence

unlockMemFence:                                   ; preds = %enterLock
  fence seq_cst
  br label %unlockDec

unlockDec:                                        ; preds = %unlockMemFence, %enterLock
  %dec = sub i32 %40, 1
  store i32 %dec, i32* %39
  %41 = call i32 (i8*, ...) @printf(i8* getelementptr inbounds ([18 x i8], [18 x i8]* @1, i32 0, i32 0), i32 %37)
  %42 = load %pthread_t*, %pthread_t** %pthreadPtr
  %43 = call i32 @pthread_join(%pthread_t* %42, i8** null)
  ret i32 0
}

define i8* @_async0(i8*) {
entry:
  %1 = bitcast i8* %0 to %function_arg_type*
  %2 = getelementptr inbounds %function_arg_type, %function_arg_type* %1, i32 0, i32 0
  %3 = load %Foo*, %Foo** %2
  %_x0 = alloca %Foo*
  store %Foo* %3, %Foo** %_x0
  %4 = load %Foo*, %Foo** %_x0
  %5 = getelementptr inbounds %Foo, %Foo* %4, i32 0, i32 4
  %6 = load i32, i32* %5
  %7 = call i32 (i8*, ...) @printf(i8* getelementptr inbounds ([18 x i8], [18 x i8]* @0, i32 0, i32 0), i32 %6)
  ret i8* null
}
