Program
└──Class: Foo
   └──CapTrait: Bar
      └──Cap: Linear
   └──Field Defn: f
      └──Mode: Var
      └──TField: Int
└──Trait: Bar
   └──Cap: Linear
   └──Require
      └──Field Defn: f
         └──Mode: Var
         └──TField: Int
└──Expr: Let var: x
   └──Type expr: Int
   └──Expr: Constructor for: Foo
      └──Type expr: Class: Foo
   └──Expr: Assign: (Class: Foo) x.f
      └──Type expr: Int
      └──Expr: Int:5
